#
# There is insufficient memory for the Java Runtime Environment to continue.
# Native memory allocation (mmap) failed to map 130023424 bytes. Error detail: G1 virtual space
# Possible reasons:
#   The system is out of physical RAM or swap space
#   This process is running with CompressedOops enabled, and the Java Heap may be blocking the growth of the native heap
# Possible solutions:
#   Reduce memory load on the system
#   Increase physical memory or swap space
#   Check if swap backing store is full
#   Decrease Java heap size (-Xmx/-Xms)
#   Decrease number of Java threads
#   Decrease Java thread stack sizes (-Xss)
#   Set larger code cache with -XX:ReservedCodeCacheSize=
#   JVM is running with Unscaled Compressed Oops mode in which the Java heap is
#     placed in the first 4GB address space. The Java Heap base address is the
#     maximum limit for the native heap growth. Please use -XX:HeapBaseMinAddress
#     to set the Java Heap base and to place the Java Heap above 4GB virtual address.
# This output file may be truncated or incomplete.
#
#  Out of Memory Error (os_windows.cpp:3713), pid=11480, tid=12160
#
# JRE version:  (21.0.8+9) (build )
# Java VM: OpenJDK 64-Bit Server VM (21.0.8+9-LTS, mixed mode, emulated-client, sharing, tiered, compressed oops, compressed class ptrs, g1 gc, windows-amd64)
# No core dump will be written. Minidumps are not enabled by default on client versions of Windows
#

---------------  S U M M A R Y ------------

Command Line: -Dcom.sun.management.jmxremote -Dcom.sun.management.jmxremote.port=63084 -Dcom.sun.management.jmxremote.authenticate=false -Dcom.sun.management.jmxremote.ssl=false -Djava.rmi.server.hostname=localhost -Dspring.jmx.enabled=true -Dmanagement.endpoints.jmx.exposure.include=* -Dspring.application.admin.enabled=true -Dspring.output.ansi.enabled=always -XX:TieredStopAtLevel=1 -Dspring.boot.project.name=RestRibbonServer -Dfile.encoding=UTF-8 -Dstdout.encoding=UTF-8 -Dstderr.encoding=UTF-8 -XX:+ShowCodeDetailsInExceptionMessages com.example.demo.RestRibbonServersApplication

Host: 12th Gen Intel(R) Core(TM) i5-1235U, 12 cores, 7G,  Windows 11 , 64 bit Build 26100 (10.0.26100.6725)
Time: Mon Nov  3 18:30:02 2025 Eastern Standard Time elapsed time: 1.149374 seconds (0d 0h 0m 1s)

---------------  T H R E A D  ---------------

Current thread (0x000001fcb7897e70):  JavaThread "Unknown thread" [_thread_in_vm, id=12160, stack(0x000000f5ca500000,0x000000f5ca600000) (1024K)]

Stack: [0x000000f5ca500000,0x000000f5ca600000]
Native frames: (J=compiled Java code, j=interpreted, Vv=VM code, C=native code)
V  [jvm.dll+0x6d2449]
V  [jvm.dll+0x8ae341]
V  [jvm.dll+0x8b08be]
V  [jvm.dll+0x8b0fa3]
V  [jvm.dll+0x280c96]
V  [jvm.dll+0x6cec15]
V  [jvm.dll+0x6c2c3a]
V  [jvm.dll+0x35867a]
V  [jvm.dll+0x360246]
V  [jvm.dll+0x3b1f9e]
V  [jvm.dll+0x3b2248]
V  [jvm.dll+0x32c8fc]
V  [jvm.dll+0x32d45b]
V  [jvm.dll+0x8775d9]
V  [jvm.dll+0x3bed71]
V  [jvm.dll+0x8605d3]
V  [jvm.dll+0x4530ee]
V  [jvm.dll+0x454d31]
C  [jli.dll+0x5278]
C  [ucrtbase.dll+0x37b0]
C  [KERNEL32.DLL+0x2e8d7]
C  [ntdll.dll+0x8c53c]


---------------  P R O C E S S  ---------------

Threads class SMR info:
_java_thread_list=0x00007ffdc2c511c8, length=0, elements={
}

Java Threads: ( => current thread )
Total: 0

Other Threads:
  0x000001fcb9d2a760 WorkerThread "GC Thread#0"                     [id=29104, stack(0x000000f5ca600000,0x000000f5ca700000) (1024K)]
  0x000001fcb9d58520 ConcurrentGCThread "G1 Main Marker"            [id=17028, stack(0x000000f5ca700000,0x000000f5ca800000) (1024K)]
  0x000001fcb9d58f30 WorkerThread "G1 Conc#0"                       [id=13072, stack(0x000000f5ca800000,0x000000f5ca900000) (1024K)]

[error occurred during error reporting (printing all threads), id 0xc0000005, EXCEPTION_ACCESS_VIOLATION (0xc0000005) at pc=0x00007ffdc234f137]
VM state: not at safepoint (not fully initialized)

VM Mutex/Monitor currently owned by a thread:  ([mutex/lock_event])
[0x00007ffdc2cc5558] Heap_lock - owner thread: 0x000001fcb7897e70

Heap address: 0x0000000084e00000, size: 1970 MB, Compressed Oops mode: 32-bit

CDS archive(s) mapped at: [0x0000000000000000-0x0000000000000000-0x0000000000000000), size 0, SharedBaseAddress: 0x0000000800000000, ArchiveRelocationMode: 1.
Narrow klass base: 0x0000000000000000, Narrow klass shift: 0, Narrow klass range: 0x0

GC Precious Log:
 CardTable entry size: 512
 Card Set container configuration: InlinePtr #cards 5 size 8 Array Of Cards #cards 12 size 40 Howl #buckets 4 coarsen threshold 1843 Howl Bitmap #cards 512 size 80 coarsen threshold 460 Card regions per heap region 1 cards per card region 2048

Heap:
 garbage-first heap   total 0K, used 0K [0x0000000084e00000, 0x0000000100000000)
  region size 1024K, 0 young (0K), 0 survivors (0K)

[error occurred during error reporting (printing heap information), id 0xc0000005, EXCEPTION_ACCESS_VIOLATION (0xc0000005) at pc=0x00007ffdc273bba9]
GC Heap History (0 events):
No events

Dll operation events (1 events):
Event: 0.009 Loaded shared library C:\Users\Admin\.p2\pool\plugins\org.eclipse.justj.openjdk.hotspot.jre.full.win32.x86_64_21.0.8.v20250724-1412\jre\bin\java.dll

Deoptimization events (0 events):
No events

Classes loaded (0 events):
No events

Classes unloaded (0 events):
No events

Classes redefined (0 events):
No events

Internal exceptions (0 events):
No events

ZGC Phase Switch (0 events):
No events

VM Operations (0 events):
No events

Memory protections (0 events):
No events

Nmethod flushes (0 events):
No events

Events (0 events):
No events


Dynamic libraries:
0x00007ff6b0830000 - 0x00007ff6b083e000 	C:\Users\Admin\.p2\pool\plugins\org.eclipse.justj.openjdk.hotspot.jre.full.win32.x86_64_21.0.8.v20250724-1412\jre\bin\javaw.exe
0x00007ffe938e0000 - 0x00007ffe93b48000 	C:\WINDOWS\SYSTEM32\ntdll.dll
0x00007ffe920d0000 - 0x00007ffe92199000 	C:\WINDOWS\System32\KERNEL32.DLL
0x00007ffe90a70000 - 0x00007ffe90e62000 	C:\WINDOWS\System32\KERNELBASE.dll
0x00007ffe91370000 - 0x00007ffe914bb000 	C:\WINDOWS\System32\ucrtbase.dll
0x00007ffe6b5a0000 - 0x00007ffe6b5be000 	C:\Users\Admin\.p2\pool\plugins\org.eclipse.justj.openjdk.hotspot.jre.full.win32.x86_64_21.0.8.v20250724-1412\jre\bin\VCRUNTIME140.dll
0x00007ffe6b5c0000 - 0x00007ffe6b5d8000 	C:\Users\Admin\.p2\pool\plugins\org.eclipse.justj.openjdk.hotspot.jre.full.win32.x86_64_21.0.8.v20250724-1412\jre\bin\jli.dll
0x00007ffe932b0000 - 0x00007ffe93475000 	C:\WINDOWS\System32\USER32.dll
0x00007ffe91120000 - 0x00007ffe91147000 	C:\WINDOWS\System32\win32u.dll
0x00007ffe93750000 - 0x00007ffe9377b000 	C:\WINDOWS\System32\GDI32.dll
0x00007ffe91580000 - 0x00007ffe916ad000 	C:\WINDOWS\System32\gdi32full.dll
0x00007ffe6c2d0000 - 0x00007ffe6c563000 	C:\WINDOWS\WinSxS\amd64_microsoft.windows.common-controls_6595b64144ccf1df_6.0.26100.6899_none_3e0efeeae32e88c1\COMCTL32.dll
0x00007ffe912c0000 - 0x00007ffe91363000 	C:\WINDOWS\System32\msvcp_win.dll
0x00007ffe92680000 - 0x00007ffe92729000 	C:\WINDOWS\System32\msvcrt.dll
0x00007ffe92f40000 - 0x00007ffe92f6f000 	C:\WINDOWS\System32\IMM32.DLL
0x00007ffe7b660000 - 0x00007ffe7b66c000 	C:\Users\Admin\.p2\pool\plugins\org.eclipse.justj.openjdk.hotspot.jre.full.win32.x86_64_21.0.8.v20250724-1412\jre\bin\vcruntime140_1.dll
0x00007ffe3d0c0000 - 0x00007ffe3d14d000 	C:\Users\Admin\.p2\pool\plugins\org.eclipse.justj.openjdk.hotspot.jre.full.win32.x86_64_21.0.8.v20250724-1412\jre\bin\msvcp140.dll
0x00007ffdc2010000 - 0x00007ffdc2da7000 	C:\Users\Admin\.p2\pool\plugins\org.eclipse.justj.openjdk.hotspot.jre.full.win32.x86_64_21.0.8.v20250724-1412\jre\bin\server\jvm.dll
0x00007ffe93490000 - 0x00007ffe93544000 	C:\WINDOWS\System32\ADVAPI32.dll
0x00007ffe93200000 - 0x00007ffe932a6000 	C:\WINDOWS\System32\sechost.dll
0x00007ffe92f80000 - 0x00007ffe93098000 	C:\WINDOWS\System32\RPCRT4.dll
0x00007ffe93800000 - 0x00007ffe93874000 	C:\WINDOWS\System32\WS2_32.dll
0x00007ffe908d0000 - 0x00007ffe9092e000 	C:\WINDOWS\SYSTEM32\POWRPROF.dll
0x00007ffe8dda0000 - 0x00007ffe8ddd5000 	C:\WINDOWS\SYSTEM32\WINMM.dll
0x00007ffe7c010000 - 0x00007ffe7c01b000 	C:\WINDOWS\SYSTEM32\VERSION.dll
0x00007ffe908b0000 - 0x00007ffe908c4000 	C:\WINDOWS\SYSTEM32\UMPDC.dll
0x00007ffe8f840000 - 0x00007ffe8f85b000 	C:\WINDOWS\SYSTEM32\kernel.appcore.dll
0x00007ffe844a0000 - 0x00007ffe844aa000 	C:\Users\Admin\.p2\pool\plugins\org.eclipse.justj.openjdk.hotspot.jre.full.win32.x86_64_21.0.8.v20250724-1412\jre\bin\jimage.dll
0x00007ffe8e250000 - 0x00007ffe8e492000 	C:\WINDOWS\SYSTEM32\DBGHELP.DLL
0x00007ffe92730000 - 0x00007ffe92aab000 	C:\WINDOWS\System32\combase.dll
0x00007ffe930a0000 - 0x00007ffe93177000 	C:\WINDOWS\System32\OLEAUT32.dll
0x00007ffe765e0000 - 0x00007ffe7661c000 	C:\WINDOWS\SYSTEM32\dbgcore.DLL
0x00007ffe90e70000 - 0x00007ffe90f08000 	C:\WINDOWS\System32\bcryptPrimitives.dll
0x00007ffe7e810000 - 0x00007ffe7e82f000 	C:\Users\Admin\.p2\pool\plugins\org.eclipse.justj.openjdk.hotspot.jre.full.win32.x86_64_21.0.8.v20250724-1412\jre\bin\java.dll

JVMTI agents: none

dbghelp: loaded successfully - version: 4.0.5 - missing functions: none
symbol engine: initialized successfully - sym options: 0x614 - pdb path: .;C:\Users\Admin\.p2\pool\plugins\org.eclipse.justj.openjdk.hotspot.jre.full.win32.x86_64_21.0.8.v20250724-1412\jre\bin;C:\WINDOWS\SYSTEM32;C:\WINDOWS\WinSxS\amd64_microsoft.windows.common-controls_6595b64144ccf1df_6.0.26100.6899_none_3e0efeeae32e88c1;C:\Users\Admin\.p2\pool\plugins\org.eclipse.justj.openjdk.hotspot.jre.full.win32.x86_64_21.0.8.v20250724-1412\jre\bin\server

VM Arguments:
jvm_args: -Dcom.sun.management.jmxremote -Dcom.sun.management.jmxremote.port=63084 -Dcom.sun.management.jmxremote.authenticate=false -Dcom.sun.management.jmxremote.ssl=false -Djava.rmi.server.hostname=localhost -Dspring.jmx.enabled=true -Dmanagement.endpoints.jmx.exposure.include=* -Dspring.application.admin.enabled=true -Dspring.output.ansi.enabled=always -XX:TieredStopAtLevel=1 -Dspring.boot.project.name=RestRibbonServer -Dfile.encoding=UTF-8 -Dstdout.encoding=UTF-8 -Dstderr.encoding=UTF-8 -XX:+ShowCodeDetailsInExceptionMessages 
java_command: com.example.demo.RestRibbonServersApplication
java_class_path (initial): C:\Users\Admin\eclipse-workspace-Enterprise\EurekaClientRibbonServer_Nithish\EurekaClientRibbonServer_Nithish\RestRibbonServers\target\classes;C:\Users\Admin\.m2\repository\org\springframework\cloud\spring-cloud-starter-netflix-eureka-server\2.2.9.RELEASE\spring-cloud-starter-netflix-eureka-server-2.2.9.RELEASE.jar;C:\Users\Admin\.m2\repository\org\springframework\cloud\spring-cloud-starter\2.2.9.RELEASE\spring-cloud-starter-2.2.9.RELEASE.jar;C:\Users\Admin\.m2\repository\org\springframework\cloud\spring-cloud-context\2.2.9.RELEASE\spring-cloud-context-2.2.9.RELEASE.jar;C:\Users\Admin\.m2\repository\org\springframework\security\spring-security-crypto\5.3.9.RELEASE\spring-security-crypto-5.3.9.RELEASE.jar;C:\Users\Admin\.m2\repository\org\springframework\cloud\spring-cloud-commons\2.2.9.RELEASE\spring-cloud-commons-2.2.9.RELEASE.jar;C:\Users\Admin\.m2\repository\org\springframework\security\spring-security-rsa\1.0.9.RELEASE\spring-security-rsa-1.0.9.RELEASE.jar;C:\Users\Admin\.m2\repository\org\bouncycastle\bcpkix-jdk15on\1.64\bcpkix-jdk15on-1.64.jar;C:\Users\Admin\.m2\repository\org\bouncycastle\bcprov-jdk15on\1.64\bcprov-jdk15on-1.64.jar;C:\Users\Admin\.m2\repository\org\springframework\cloud\spring-cloud-netflix-eureka-server\2.2.9.RELEASE\spring-cloud-netflix-eureka-server-2.2.9.RELEASE.jar;C:\Users\Admin\.m2\repository\org\springframework\boot\spring-boot-starter-actuator\2.3.12.RELEASE\spring-boot-starter-actuator-2.3.12.RELEASE.jar;C:\Users\Admin\.m2\repository\org\springframework\boot\spring-boot-actuator-autoconfigure\2.3.12.RELEASE\spring-boot-actuator-autoconfigure-2.3.12.RELEASE.jar;C:\Users\Admin\.m2\repository\org\springframework\boot\spring-boot-actuator\2.3.12.RELEASE\spring-boot-actuator-2.3.12.RELEASE.jar;C:\Users\Admin\.m2\repository\io\micrometer\micrometer-core\1.5.14\micrometer-core-1.5.14.jar;C:\Users\Admin\.m2\repository\org\hdrhistogram\HdrHistogram\2.1.12\HdrHistogram-2.1.12.jar;C:\Users\Admin\.m2\repository\org\latencyutils\LatencyUtils\2.0.3\LatencyUtils-2.0.3.jar;C:\Users\Admin\.m2\repository\org\springframework\boot\spring-boot-starter-freemarker\2.3.12.RELEASE\spring-boot-starter-freemarker-2.3.12.RELEASE.jar;C:\Users\Admin\.m2\repository\org\freemarker\freemarker\2.3.31\freemarker-2.3.31.jar;C:\Users\Admin\.m2\repository\org\springframework\spring-context-support\5.2.15.RELEASE\spring-context-support-5.2.15.RELEASE.jar;C:\Users\Admin\.m2\repository\org\springframework\cloud\spring-cloud-netflix-hystrix\2.2.9.RELEASE\spring-cloud-netflix-hystrix-2.2.9.RELEASE.jar;C:\Users\Admin\.m2\repository\org\springframework\boot\spring-boot-starter-aop\2.3.12.RELEASE\spring-boot-starter-aop-2.3.12.RELEASE.jar;C:\Users\Admin\.m2\repository\org\aspectj\aspectjweaver\1.9.6\aspectjweaver-1.9.6.jar;C:\Users\Admin\.m2\repository\org\springframework\cloud\spring-cloud-netflix-eureka-client\2.2.9.RELEASE\spring-cloud-netflix-eureka-client-2.2.9.RELEASE.jar;C:\Users\Admin\.m2\repository\com\netflix\eureka\eureka-client\1.10.14\eureka-client-1.10.14.jar;C:\Users\Admin\.m2\repository\com\netflix\netflix-commons\netflix-eventbus\0.3.0\netflix-eventbus-0.3.0.jar;C:\Users\Admin\.m2\repository\com\netflix\netflix-commons\netflix-infix\0.3.0\netflix-infix-0.3.0.jar;C:\Users\Admin\.m2\repository\commons-jxpath\commons-jxpath\1.3\commons-jxpath-1.3.jar;C:\Users\Admin\.m2\repository\joda-time\joda-time\2.3\joda-time-2.3.jar;C:\Users\Admin\.m2\repository\org\antlr\antlr-runtime\3.4\antlr-runtime-3.4.jar;C:\Users\Admin\.m2\repository\org\antlr\stringtemplate\3.2.1\stringtemplate-3.2.1.jar;C:\Users\Admin\.m2\repository\antlr\antlr\2.7.7\antlr-2.7.7.jar;C:\Users\Admin\.m2\repository\com\google\code\gson\gson\2.8.7\gson-2.8.7.jar;C:\Users\Admin\.m2\repository\org\apache\commons\commons-math\2.2\commons-math-2.2.jar;C:\Users\Admin\.m2\repository\com\thoughtworks\xstream\xstream\1.4.16\xstream-1.4.16.jar;C:\Users\Admin\.m2\repository\io\github\x-stream\mxparser\1.2.1\mxparser-1.2.1.jar;C:\Users\Admin\.m2\repository\xmlpull\xmlpull\1.1.3.1\xmlpull-1.1.3.1.jar;C:\Users\Admin\.m2\repository\javax\ws\rs\jsr311-api\1.1.1\jsr311-api-1.1.1.jar;C:\Users\Admin\.m2\repository\com\netflix\servo\servo-core\0.12.21\servo-core-0.12.21.jar;C:\Users\Admin\.m2\repository\com\sun\jersey\jersey-core\1.19.1\jersey-core-1.19.1.jar;C:\Users\Admin\.m2\repository\com\sun\jersey\contribs\jersey-apache-client4\1.19.1\jersey-apache-client4-1.19.1.jar;C:\Users\Admin\.m2\repository\org\apache\httpcomponents\httpclient\4.5.13\httpclient-4.5.13.jar;C:\Users\Admin\.m2\repository\org\apache\httpcomponents\httpcore\4.4.14\httpcore-4.4.14.jar;C:\Users\Admin\.m2\repository\commons-codec\commons-codec\1.14\commons-codec-1.14.jar;C:\Users\Admin\.m2\repository\com\google\inject\guice\4.1.0\guice-4.1.0.jar;C:\Users\Admin\.m2\repository\aopalliance\aopalliance\1.0\aopalliance-1.0.jar;C:\Users\Admin\.m2\repository\com\fasterxml\jackson\core\jackson-annotations\2.11.4\jackson-annotations-2.11.4.jar;C:\Users\Admin\.m2\repository\com\fasterxml\jackson\core\jackson-core\2.11.4\jackson-core-2.11.4.jar;C:\Users\Admin\.m2\repository\org\codehaus\jettison\jettison\1.4.0\jettison-1.4.0.jar;C:\Users\Admin\.m2\repository\com\sun\jersey\jersey-servlet\1.19.4\jersey-servlet-1.19.4.jar;C:\Users\Admin\.m2\repository\com\sun\jersey\jersey-server\1.19.4\jersey-server-1.19.4.jar;C:\Users\Admin\.m2\repository\com\sun\jersey\jersey-client\1.19.4\jersey-client-1.19.4.jar;C:\Users\Admin\.m2\repository\com\netflix\eureka\eureka-core\1.10.14\eureka-core-1.10.14.jar;C:\Users\Admin\.m2\repository\com\fasterxml\woodstox\woodstox-core\6.2.1\woodstox-core-6.2.1.jar;C:\Users\Admin\.m2\repository\com\netflix\archaius\archaius-core\0.7.7\archaius-core-0.7.7.jar;C:\Users\Admin\.m2\repository\com\google\code\findbugs\jsr305\3.0.1\jsr305-3.0.1.jar;C:\Users\Admin\.m2\repository\com\google\guava\guava\30.0-jre\guava-30.0-jre.jar;C:\Users\Admin\.m2\repository\com\google\guava\failureaccess\1.0.1\failureaccess-1.0.1.jar;C:\Users\Admin\.m2\repository\com\google\guava\listenablefuture\9999.0-empty-to-avoid-conflict-with-guava\listenablefuture-9999.0-empty-to-avoid-conflict-with-guava.jar;C:\Users\Admin\.m2\repository\org\checkerframework\checker-qual\3.5.0\checker-qual-3.5.0.jar;C:\Users\Admin\.m2\repository\com\google\errorprone\error_prone_annotations\2.3.4\error_prone_annotations-2.3.4.jar;C:\Users\Admin\.m2\repository\com\google\j2objc\j2objc-annotations\1.3\j2objc-annotations-1.3.jar;C:\Users\Admin\.m2\repository\javax\inject\javax.inject\1\javax.inject-1.jar;C:\Users\Admin\.m2\repository\com\fasterxml\jackson\dataformat\jackson-dataformat-xml\2.11.4\jackson-dataformat-xml-2.11.4.jar;C:\Users\Admin\.m2\repository\com\fasterxml\jackson\module\jackson-module-jaxb-annotations\2.11.4\jackson-module-jaxb-annotations-2.11.4.jar;C:\Users\Admin\.m2\repository\org\codehaus\woodstox\stax2-api\4.2.1\stax2-api-4.2.1.jar;C:\Users\Admin\.m2\repository\org\springframework\cloud\spring-cloud-starter-netflix-archaius\2.2.9.RELEASE\spring-cloud-starter-netflix-archaius-2.2.9.RELEASE.jar;C:\Users\Admin\.m2\repository\org\springframework\cloud\spring-cloud-netflix-ribbon\2.2.9.RELEASE\spring-cloud-netflix-ribbon-2.2.9.RELEASE.jar;C:\Users\Admin\.m2\repository\org\springframework\cloud\spring-cloud-netflix-archaius\2.2.9.RELEASE\spring-cloud-netflix-archaius-2.2.9.RELEASE.jar;C:\Users\Admin\.m2\repository\commons-configuration\commons-configuration\1.8\commons-configuration-1.8.jar;C:\Users\Admin\.m2\repository\commons-lang\commons-lang\2.6\commons-lang-2.6.jar;C:\Users\Admin\.m2\repository\org\springframework\cloud\spring-cloud-starter-netflix-ribbon\2.2.9.RELEASE\spring-cloud-starter-netflix-ribbon-2.2.9.RELEASE.jar;C:\Users\Admin\.m2\repository\com\netflix\ribbon\ribbon\2.3.0\ribbon-2.3.0.jar;C:\Users\Admin\.m2\repository\com\netflix\ribbon\ribbon-transport\2.3.0\ribbon-transport-2.3.0.jar;C:\Users\Admin\.m2\repository\io\reactivex\rxnetty-contexts\0.4.9\rxnetty-contexts-0.4.9.jar;C:\Users\Admin\.m2\repository\io\reactivex\rxnetty-servo\0.4.9\rxnetty-servo-0.4.9.jar;C:\Users\Admin\.m2\repository\com\netflix\hystrix\hystrix-core\1.5.18\hystrix-core-1.5.18.jar;C:\Users\Admin\.m2\repository\io\reactivex\rxnetty\0.4.9\rxnetty-0.4.9.jar;C:\Users\Admin\.m2\repository\com\netflix\ribbon\ribbon-core\2.3.0\ribbon-core-2.3.0.jar;C:\Users\Admin\.m2\repository\com\netflix\ribbon\ribbon-httpclient\2.3.0\ribbon-httpclient-2.3.0.jar;C:\Users\Admin\.m2\repository\commons-collections\commons-collections\3.2.2\commons-collections-3.2.2.jar;C:\Users\Admin\.m2\repository\com\netflix\netflix-commons\netflix-commons-util\0.3.0\netflix-commons-util-0.3.0.jar;C:\Users\Admin\.m2\repository\com\netflix\ribbon\ribbon-loadbalancer\2.3.0\ribbon-loadbalancer-2.3.0.jar;C:\Users\Admin\.m2\repository\com\netflix\netflix-commons\netflix-statistics\0.1.1\netflix-statistics-0.1.1.jar;C:\Users\Admin\.m2\repository\io\reactivex\rxjava\1.3.8\rxjava-1.3.8.jar;C:\Users\Admin\.m2\repository\org\springframework\cloud\spring-cloud-starter-loadbalancer\2.2.9.RELEASE\spring-cloud-starter-loadbalancer-2.2.9.RELEASE.jar;C:\Users\Admin\.m2\repository\org\springframework\cloud\spring-cloud-loadbalancer\2.2.9.RELEASE\spring-cloud-loadbalancer-2.2.9.RELEASE.jar;C:\Users\Admin\.m2\repository\org\springframework\boot\spring-boot-starter-validation\2.3.12.RELEASE\spring-boot-starter-validation-2.3.12.RELEASE.jar;C:\Users\Admin\.m2\repository\org\hibernate\validator\hibernate-validator\6.1.7.Final\hibernate-validator-6.1.7.Final.jar;C:\Users\Admin\.m2\repository\jakarta\validation\jakarta.validation-api\2.0.2\jakarta.validation-api-2.0.2.jar;C:\Users\Admin\.m2\repository\org\jboss\logging\jboss-logging\3.4.2.Final\jboss-logging-3.4.2.Final.jar;C:\Users\Admin\.m2\repository\com\fasterxml\classmate\1.5.1\classmate-1.5.1.jar;C:\Users\Admin\.m2\repository\io\projectreactor\reactor-core\3.3.17.RELEASE\reactor-core-3.3.17.RELEASE.jar;C:\Users\Admin\.m2\repository\org\reactivestreams\reactive-streams\1.0.3\reactive-streams-1.0.3.jar;C:\Users\Admin\.m2\repository\io\projectreactor\addons\reactor-extra\3.3.6.RELEASE\reactor-extra-3.3.6.RELEASE.jar;C:\Users\Admin\.m2\repository\org\springframework\boot\spring-boot-starter-cache\2.3.12.RELEASE\spring-boot-starter-cache-2.3.12.RELEASE.jar;C:\Users\Admin\.m2\repository\com\stoyanr\evictor\1.0.0\evictor-1.0.0.jar;C:\Users\Admin\.m2\repository\com\netflix\ribbon\ribbon-eureka\2.3.0\ribbon-eureka-2.3.0.jar;C:\Users\Admin\.m2\repository\org\slf4j\slf4j-api\1.7.30\slf4j-api-1.7.30.jar;C:\Users\Admin\.m2\repository\org\glassfish\jaxb\jaxb-runtime\2.3.4\jaxb-runtime-2.3.4.jar;C:\Users\Admin\.m2\repository\org\glassfish\jaxb\txw2\2.3.4\txw2-2.3.4.jar;C:\Users\Admin\.m2\repository\com\sun\istack\istack-commons-runtime\3.0.12\istack-commons-runtime-3.0.12.jar;C:\Users\Admin\.m2\repository\com\sun\activation\jakarta.activation\1.2.2\jakarta.activation-1.2.2.jar;C:\Users\Admin\.m2\repository\org\springframework\boot\spring-boot-starter-web\2.3.12.RELEASE\spring-boot-starter-web-2.3.12.RELEASE.jar;C:\Users\Admin\.m2\repository\org\springframework\boot\spring-boot-starter\2.3.12.RELEASE\spring-boot-starter-2.3.12.RELEASE.jar;C:\Users\Admin\.m2\repository\org\springframework\boot\spring-boot\2.3.12.RELEASE\spring-boot-2.3.12.RELEASE.jar;C:\Users\Admin\.m2\repository\org\springframework\boot\spring-boot-autoconfigure\2.3.12.RELEASE\spring-boot-autoconfigure-2.3.12.RELEASE.jar;C:\Users\Admin\.m2\repository\org\springframework\boot\spring-boot-starter-logging\2.3.12.RELEASE\spring-boot-starter-logging-2.3.12.RELEASE.jar;C:\Users\Admin\.m2\repository\ch\qos\logback\logback-classic\1.2.3\logback-classic-1.2.3.jar;C:\Users\Admin\.m2\repository\ch\qos\logback\logback-core\1.2.3\logback-core-1.2.3.jar;C:\Users\Admin\.m2\repository\org\apache\logging\log4j\log4j-to-slf4j\2.13.3\log4j-to-slf4j-2.13.3.jar;C:\Users\Admin\.m2\repository\org\apache\logging\log4j\log4j-api\2.13.3\log4j-api-2.13.3.jar;C:\Users\Admin\.m2\repository\org\slf4j\jul-to-slf4j\1.7.30\jul-to-slf4j-1.7.30.jar;C:\Users\Admin\.m2\repository\jakarta\annotation\jakarta.annotation-api\1.3.5\jakarta.annotation-api-1.3.5.jar;C:\Users\Admin\.m2\repository\org\yaml\snakeyaml\1.26\snakeyaml-1.26.jar;C:\Users\Admin\.m2\repository\org\springframework\boot\spring-boot-starter-json\2.3.12.RELEASE\spring-boot-starter-json-2.3.12.RELEASE.jar;C:\Users\Admin\.m2\repository\com\fasterxml\jackson\core\jackson-databind\2.11.4\jackson-databind-2.11.4.jar;C:\Users\Admin\.m2\repository\com\fasterxml\jackson\datatype\jackson-datatype-jdk8\2.11.4\jackson-datatype-jdk8-2.11.4.jar;C:\Users\Admin\.m2\repository\com\fasterxml\jackson\datatype\jackson-datatype-jsr310\2.11.4\jackson-datatype-jsr310-2.11.4.jar;C:\Users\Admin\.m2\repository\com\fasterxml\jackson\module\jackson-module-parameter-names\2.11.4\jackson-module-parameter-names-2.11.4.jar;C:\Users\Admin\.m2\repository\org\springframework\boot\spring-boot-starter-tomcat\2.3.12.RELEASE\spring-boot-starter-tomcat-2.3.12.RELEASE.jar;C:\Users\Admin\.m2\repository\org\apache\tomcat\embed\tomcat-embed-core\9.0.46\tomcat-embed-core-9.0.46.jar;C:\Users\Admin\.m2\repository\org\glassfish\jakarta.el\3.0.3\jakarta.el-3.0.3.jar;C:\Users\Admin\.m2\repository\org\apache\tomcat\embed\tomcat-embed-websocket\9.0.46\tomcat-embed-websocket-9.0.46.jar;C:\Users\Admin\.m2\repository\org\springframework\spring-web\5.2.15.RELEASE\spring-web-5.2.15.RELEASE.jar;C:\Users\Admin\.m2\repository\org\springframework\spring-beans\5.2.15.RELEASE\spring-beans-5.2.15.RELEASE.jar;C:\Users\Admin\.m2\repository\org\springframework\spring-webmvc\5.2.15.RELEASE\spring-webmvc-5.2.15.RELEASE.jar;C:\Users\Admin\.m2\repository\org\springframework\spring-aop\5.2.15.RELEASE\spring-aop-5.2.15.RELEASE.jar;C:\Users\Admin\.m2\repository\org\springframework\spring-context\5.2.15.RELEASE\spring-context-5.2.15.RELEASE.jar;C:\Users\Admin\.m2\repository\org\springframework\spring-expression\5.2.15.RELEASE\spring-expression-5.2.15.RELEASE.jar;C:\Users\Admin\.m2\repository\jakarta\xml\bind\jakarta.xml.bind-api\2.3.3\jakarta.xml.bind-api-2.3.3.jar;C:\Users\Admin\.m2\repository\jakarta\activation\jakarta.activation-api\1.2.2\jakarta.activation-api-1.2.2.jar;C:\Users\Admin\.m2\repository\org\springframework\spring-core\5.2.15.RELEASE\spring-core-5.2.15.RELEASE.jar;C:\Users\Admin\.m2\repository\org\springframework\spring-jcl\5.2.15.RELEASE\spring-jcl-5.2.15.RELEASE.jar
Launcher Type: SUN_STANDARD

[Global flags]
     intx CICompilerCount                          = 4                                         {product} {ergonomic}
     uint ConcGCThreads                            = 3                                         {product} {ergonomic}
     uint G1ConcRefinementThreads                  = 10                                        {product} {ergonomic}
   size_t G1HeapRegionSize                         = 1048576                                   {product} {ergonomic}
    uintx GCDrainStackTargetSize                   = 64                                        {product} {ergonomic}
   size_t InitialHeapSize                          = 130023424                                 {product} {ergonomic}
     bool ManagementServer                         = true                                      {product} {command line}
   size_t MarkStackSize                            = 4194304                                   {product} {ergonomic}
   size_t MaxHeapSize                              = 2065694720                                {product} {ergonomic}
   size_t MinHeapDeltaBytes                        = 1048576                                   {product} {ergonomic}
   size_t MinHeapSize                              = 8388608                                   {product} {ergonomic}
    uintx NonNMethodCodeHeapSize                   = 4096                                   {pd product} {ergonomic}
    uintx NonProfiledCodeHeapSize                  = 0                                      {pd product} {ergonomic}
     bool ProfileInterpreter                       = false                                  {pd product} {command line}
    uintx ProfiledCodeHeapSize                     = 0                                      {pd product} {ergonomic}
     bool ShowCodeDetailsInExceptionMessages       = true                                   {manageable} {command line}
   size_t SoftMaxHeapSize                          = 2065694720                             {manageable} {ergonomic}
     intx TieredStopAtLevel                        = 1                                         {product} {command line}
     bool UseCompressedOops                        = true                           {product lp64_product} {ergonomic}
     bool UseG1GC                                  = true                                      {product} {ergonomic}
     bool UseLargePagesIndividualAllocation        = false                                  {pd product} {ergonomic}

Logging:
Log output configuration:
 #0: stdout all=warning uptime,level,tags foldmultilines=false
 #1: stderr all=off uptime,level,tags foldmultilines=false

Environment Variables:
PATH=C:/Users/Admin/.p2/pool/plugins/org.eclipse.justj.openjdk.hotspot.jre.full.win32.x86_64_21.0.8.v20250724-1412/jre/bin/server;C:/Users/Admin/.p2/pool/plugins/org.eclipse.justj.openjdk.hotspot.jre.full.win32.x86_64_21.0.8.v20250724-1412/jre/bin;C:\WINDOWS\system32;C:\WINDOWS;C:\WINDOWS\System32\Wbem;C:\WINDOWS\System32\WindowsPowerShell\v1.0\;C:\WINDOWS\System32\OpenSSH\;C:\Program Files\dotnet\;C:\Program Files\Microsoft SQL Server\Client SDK\ODBC\170\Tools\Binn\;C:\Program Files\Microsoft SQL Server\150\Tools\Binn\;C:\Program Files (x86)\Git\cmd;C:\Program Files\Git\cmd;C:\Program Files (x86)\Microsoft Visual Studio\Installer\setup.exe;C:\Program Files\Go\bin;C:\Program Files\Amazon\AWSCLIV2\;C:\Program Files\PuTTY\;C:\Users\Admin\AppData\Local\Microsoft\WindowsApps;C:\Program Files\JetBrains\PyCharm Community Edition 2022.2.3\bin;;C:\Users\Admin\AppData\Local\Programs\Microsoft VS Code\bin;C:\Users\Admin\AppData\Local\GitHubDesktop\bin;C:\Users\Admin\.dotnet\tools;C:\Users\Admin\AppData\Roaming\TinyTeX\bin\windows;C:\Users\Admin\go\bin;C:\WINDOWS\System32;
USERNAME=Admin
OS=Windows_NT
PROCESSOR_IDENTIFIER=Intel64 Family 6 Model 154 Stepping 4, GenuineIntel
TMP=C:\Users\Admin\AppData\Local\Temp
TEMP=C:\Users\Admin\AppData\Local\Temp




Periodic native trim disabled

---------------  S Y S T E M  ---------------

OS:
 Windows 11 , 64 bit Build 26100 (10.0.26100.6725)
OS uptime: 19 days 10:33 hours
Hyper-V role detected

CPU: total 12 (initial active 12) (6 cores per cpu, 2 threads per core) family 6 model 154 stepping 4 microcode 0x437, cx8, cmov, fxsr, ht, mmx, 3dnowpref, sse, sse2, sse3, ssse3, sse4.1, sse4.2, popcnt, lzcnt, tsc, tscinvbit, avx, avx2, aes, erms, clmul, bmi1, bmi2, adx, sha, fma, vzeroupper, clflush, clflushopt, clwb, hv, serialize, rdtscp, rdpid, fsrm, f16c, cet_ibt, cet_ss
Processor Information for the first 12 processors :
  Max Mhz: 1300, Current Mhz: 1300, Mhz Limit: 1300

Memory: 4k page, system-wide physical 7876M (592M free)
TotalPageFile size 27876M (AvailPageFile size 68M)
current process WorkingSet (physical memory assigned to process): 12M, peak: 12M
current process commit charge ("private bytes"): 59M, peak: 183M

vm_info: OpenJDK 64-Bit Server VM (21.0.8+9-LTS) for windows-amd64 JRE (21.0.8+9-LTS), built on 2025-07-15T00:00:00Z by "admin" with MS VC++ 17.7 (VS2022)

END.
